// Jest Snapshot v1, https://goo.gl/fbAQLP

exports[`<CloseIcon component should match snapshot 1`] = `
<svg
  aria-hidden={true}
  className="MuiSvgIcon-root"
  focusable="false"
  height="24"
  viewBox="0 0 24 24"
  width="24"
  xmlns="http://www.w3.org/2000/svg"
>
  <path
    d="M17.303 6.697a.5.5 0 0 1 .058.638l-.058.069L12.707 12l4.596 4.596a.5.5 0 0 1-.638.765l-.069-.058L12 12.707l-4.596 4.596a.5.5 0 0 1-.765-.638l.058-.069L11.293 12 6.697 7.404a.5.5 0 0 1 .638-.765l.069.058L12 11.293l4.596-4.596a.5.5 0 0 1 .707 0z"
    fillRule="evenodd"
  />
</svg>
`;
