// Jest Snapshot v1, https://goo.gl/fbAQLP

exports[`<EyeOpenIcon component should match snapshot 1`] = `
<svg
  aria-hidden={true}
  className="MuiSvgIcon-root"
  focusable="false"
  height="24"
  viewBox="0 0 24 24"
  width="24"
  xmlns="http://www.w3.org/2000/svg"
>
  <path
    d="M2 12c6.05-8.934 14.025-8.934 20 0-6.11 8.926-14.046 8.926-20 0zm18.6-.26c-5.297-7.255-11.835-7.255-17.196.005l-.189.259.184.255c5.277 7.249 11.784 7.248 17.194-.009l.188-.257-.182-.252zM12 8a4 4 0 1 1 0 8 4 4 0 0 1 0-8zm0 1a3 3 0 1 0 0 6 3 3 0 0 0 0-6z"
    fillRule="evenodd"
  />
</svg>
`;
