// Jest Snapshot v1, https://goo.gl/fbAQLP

exports[`<ForbiddenIcon component should match snapshot 1`] = `
<svg
  aria-hidden={true}
  className="MuiSvgIcon-root"
  focusable="false"
  height="24"
  viewBox="0 0 24 24"
  width="24"
  xmlns="http://www.w3.org/2000/svg"
>
  <path
    d="M12 2.5a9.5 9.5 0 1 1 0 19 9.5 9.5 0 0 1 0-19zm6.354 3.854-12 12 .07.061A8.5 8.5 0 0 0 18.415 6.423l-.062-.07zM12 3.5a8.5 8.5 0 0 0-6.415 14.077l.061.07 12-12-.07-.062A8.467 8.467 0 0 0 12 3.5z"
    fillRule="evenodd"
  />
</svg>
`;
