// Jest Snapshot v1, https://goo.gl/fbAQLP

exports[`<KeyboardArrowRightIcon component should match snapshot 1`] = `
<svg
  aria-hidden={true}
  className="MuiSvgIcon-root"
  focusable="false"
  height="24"
  viewBox="0 0 24 24"
  width="24"
  xmlns="http://www.w3.org/2000/svg"
>
  <path
    d="M9.354 5.646a.5.5 0 0 0-.765.638l.057.07L14.293 12l-5.647 5.646a.5.5 0 0 0-.057.638l.057.07a.5.5 0 0 0 .638.057l.07-.057 6-6a.5.5 0 0 0 .057-.638l-.057-.07-6-6z"
    fillRule="evenodd"
  />
</svg>
`;
