// Jest Snapshot v1, https://goo.gl/fbAQLP

exports[`<KeyboardArrowDownIcon component should match snapshot 1`] = `
<svg
  aria-hidden={true}
  className="MuiSvgIcon-root"
  focusable="false"
  height="24"
  viewBox="0 0 24 24"
  width="24"
  xmlns="http://www.w3.org/2000/svg"
>
  <path
    d="M5.646 8.854a.5.5 0 0 1 .638-.765l.07.057L12 13.793l5.646-5.647a.5.5 0 0 1 .638-.057l.07.057a.5.5 0 0 1 .057.638l-.057.07-6 6a.5.5 0 0 1-.638.057l-.07-.057-6-6z"
    fillRule="evenodd"
  />
</svg>
`;
