// Jest Snapshot v1, https://goo.gl/fbAQLP

exports[`<SearchIcon component should match snapshot 1`] = `
<svg
  aria-hidden={true}
  className="MuiSvgIcon-root"
  focusable="false"
  height="24"
  viewBox="0 0 24 24"
  width="24"
  xmlns="http://www.w3.org/2000/svg"
>
  <path
    d="M13.1 4a6.5 6.5 0 1 1-4.337 11.342l-.01.012-4.8 4.8a.5.5 0 0 1-.764-.638l.057-.07 4.8-4.8.029-.023A6.5 6.5 0 0 1 13.1 4zm0 1a5.5 5.5 0 1 0 0 11 5.5 5.5 0 0 0 0-11z"
    fillRule="evenodd"
  />
</svg>
`;
