// Jest Snapshot v1, https://goo.gl/fbAQLP

exports[`<VideoIcon component should match snapshot 1`] = `
<svg
  aria-hidden={true}
  className="MuiSvgIcon-root"
  focusable="false"
  height="24"
  viewBox="0 0 24 24"
  width="24"
  xmlns="http://www.w3.org/2000/svg"
>
  <path
    d="M20 5H4a1 1 0 0 0-1 1v12a1 1 0 0 0 1 1h16a1 1 0 0 0 1-1V6a1 1 0 0 0-1-1zm0 1v12H4V6h16zm-4.553 5.106-6-3A1 1 0 0 0 8 9v6a1 1 0 0 0 1.447.894l6-3a1 1 0 0 0 0-1.788zM15 12l-6 3V9l6 3z"
    fillRule="evenodd"
  />
</svg>
`;
