// Jest Snapshot v1, https://goo.gl/fbAQLP

exports[`<AppIcon /> component should match snapshot 1`] = `
<svg
  aria-hidden={true}
  className="MuiSvgIcon-root"
  focusable="false"
  version="1.1"
  viewBox="0 0 24 24"
  xmlns="http://www.w3.org/2000/svg"
>
  <path
    d="M16 3H8a1 1 0 0 0-1 1v16a1 1 0 0 0 1 1h8a1 1 0 0 0 1-1V4a1 1 0 0 0-1-1zm0 1v16H8V4h8zm-4 13a1 1 0 1 1 0 2 1 1 0 0 1 0-2z"
    fillRule="evenodd"
  />
</svg>
`;
